Γû▓ Next.js 16.1.6 (Turbopack)
- Environments: .env.local

  Creating an optimized production build ...
node.exe : 
At C:\Program Files\nodejs\npx.ps1:29 char:3
+   & $NODE_EXE $NPX_CLI_JS $args
+   ~~~~~~~~~~~~~~~~~~~~~~~~~~~~~
    + CategoryInfo          : NotSpecified: (:String) [], RemoteException
    + FullyQualifiedErrorId : NativeCommandError
 
> Build error occurred
Error: Turbopack build failed with 26 errors:
./src/app/layout.tsx:7:1
Module not found: Can't resolve '@/components/app-sidebar'
[0m [90m  5 |[39m [36mimport[39m { [33mTooltipProvider[39m } [36mfrom[39m 
[32m"@/components/ui/tooltip"[39m[33m;[39m
 [90m  6 |[39m [36mimport[39m { [33mSidebarProvider[39m } [36mfrom[39m 
[32m"@/components/ui/sidebar"[39m[33m;[39m
[31m[1m>[22m[39m[90m  7 |[39m [36mimport[39m { [33mAppSidebar[39m } [36mfrom[39m 
[32m"@/components/app-sidebar"[39m[33m;[39m
 [90m    |[39m [31m[1m^[22m[39m[31m[1m^[22m[39m[31m[1m^[22m[39m[31m[1m^[22m[39m[
31m[1m^[22m[39m[31m[1m^[22m[39m[31m[1m^[22m[39m[31m[1m^[22m[39m[31m[1m^[22m[39m
[31m[1m^[22m[39m[31m[1m^[22m[39m[31m[1m^[22m[39m[31m[1m^[22m[39m[31m[1m^[22m[39m
[31m[1m^[22m[39m[31m[1m^[22m[39m[31m[1m^[22m[39m[31m[1m^[22m[39m[31m[1m^[22m[39
m[31m[1m^[22m[39m[31m[1m^[22m[39m[31m[1m^[22m[39m[31m[1m^[22m[39m[31m[1m^[22m[3
9m[31m[1m^[22m[39m[31m[1m^[22m[39m[31m[1m^[22m[39m[31m[1m^[22m[39m[31m[1m^[22m[
39m[31m[1m^[22m[39m[31m[1m^[22m[39m[31m[1m^[22m[39m[31m[1m^[22m[39m[31m[1m^[22m
[39m[31m[1m^[22m[39m[31m[1m^[22m[39m[31m[1m^[22m[39m[31m[1m^[22m[39m[31m[1m^[22m
[39m[31m[1m^[22m[39m[31m[1m^[22m[39m[31m[1m^[22m[39m[31m[1m^[22m[39m[31m[1m^[22
m[39m[31m[1m^[22m[39m[31m[1m^[22m[39m[31m[1m^[22m[39m[31m[1m^[22m[39m[31m[1m^[2
2m[39m[31m[1m^[22m[39m[31m[1m^[22m[39m[31m[1m^[22m[39m[31m[1m^[22m[39m[31m[1m^[
22m[39m
 [90m  8 |[39m [36mimport[39m { [33mThemeProvider[39m } [36mfrom[39m 
[32m"@/components/theme-provider"[39m[33m;[39m
 [90m  9 |[39m [36mimport[39m { [33mChatStateProvider[39m } [36mfrom[39m 
[32m"@/components/chat-state-provider"[39m[33m;[39m
 [90m 10 |[39m [36mimport[39m { [33mMobileBottomNav[39m } [36mfrom[39m 
[32m"@/components/mobile-bottom-nav"[39m[33m;[39m[0m



https://nextjs.org/docs/messages/module-not-found


./src/app/chat/page.tsx:10:1
Module not found: Can't resolve '@/components/chat-state-provider'
[0m [90m  8 |[39m [36mimport[39m { [33mSidebarTrigger[39m[33m,[39m useSidebar } 
[36mfrom[39m [32m"@/components/ui/sidebar"[39m[33m;[39m
 [90m  9 |[39m [36mimport[39m { useTheme } [36mfrom[39m 
[32m"@/components/theme-provider"[39m[33m;[39m
[31m[1m>[22m[39m[90m 10 |[39m [36mimport[39m { useChatState } [36mfrom[39m 
[32m"@/components/chat-state-provider"[39m[33m;[39m
 [90m    |[39m [31m[1m^[22m[39m[31m[1m^[22m[39m[31m[1m^[22m[39m[31m[1m^[22m[39m[
31m[1m^[22m[39m[31m[1m^[22m[39m[31m[1m^[22m[39m[31m[1m^[22m[39m[31m[1m^[22m[39m
[31m[1m^[22m[39m[31m[1m^[22m[39m[31m[1m^[22m[39m[31m[1m^[22m[39m[31m[1m^[22m[39m
[31m[1m^[22m[39m[31m[1m^[22m[39m[31m[1m^[22m[39m[31m[1m^[22m[39m[31m[1m^[22m[39
m[31m[1m^[22m[39m[31m[1m^[22m[39m[31m[1m^[22m[39m[31m[1m^[22m[39m[31m[1m^[22m[3
9m[31m[1m^[22m[39m[31m[1m^[22m[39m[31m[1m^[22m[39m[31m[1m^[22m[39m[31m[1m^[22m[
39m[31m[1m^[22m[39m[31m[1m^[22m[39m[31m[1m^[22m[39m[31m[1m^[22m[39m[31m[1m^[22m
[39m[31m[1m^[22m[39m[31m[1m^[22m[39m[31m[1m^[22m[39m[31m[1m^[22m[39m[31m[1m^[22m
[39m[31m[1m^[22m[39m[31m[1m^[22m[39m[31m[1m^[22m[39m[31m[1m^[22m[39m[31m[1m^[22
m[39m[31m[1m^[22m[39m[31m[1m^[22m[39m[31m[1m^[22m[39m[31m[1m^[22m[39m[31m[1m^[2
2m[39m[31m[1m^[22m[39m[31m[1m^[22m[39m[31m[1m^[22m[39m[31m[1m^[22m[39m[31m[1m^[
22m[39m[31m[1m^[22m[39m[31m[1m^[22m[39m[31m[1m^[22m[39m[31m[1m^[22m[39m[31m[1m^
[22m[39m[31m[1m^[22m[39m[31m[1m^[22m[39m[31m[1m^[22m[39m[31m[1m^[22m[39m[31m[1m^
[22m[39m
 [90m 11 |[39m [36mimport[39m { [33mKrutimLogo[39m } [36mfrom[39m 
[32m"@/components/krutim-logo"[39m[33m;[39m
 [90m 12 |[39m [36mimport[39m { motion[33m,[39m [33mAnimatePresence[39m } [36mfrom[39m 
[32m"framer-motion"[39m[33m;[39m
 [90m 13 |[39m [36mimport[39m {[0m



Import traces:
  Client Component Browser:
    ./src/app/chat/page.tsx [Client Component Browser]
    ./src/app/chat/page.tsx [Server Component]

  Client Component SSR:
    ./src/app/chat/page.tsx [Client Component SSR]
    ./src/app/chat/page.tsx [Server Component]

https://nextjs.org/docs/messages/module-not-found


./src/app/layout.tsx:9:1
Module not found: Can't resolve '@/components/chat-state-provider'
[0m [90m  7 |[39m [36mimport[39m { [33mAppSidebar[39m } [36mfrom[39m 
[32m"@/components/app-sidebar"[39m[33m;[39m
 [90m  8 |[39m [36mimport[39m { [33mThemeProvider[39m } [36mfrom[39m 
[32m"@/components/theme-provider"[39m[33m;[39m
[31m[1m>[22m[39m[90m  9 |[39m [36mimport[39m { [33mChatStateProvider[39m } 
[36mfrom[39m [32m"@/components/chat-state-provider"[39m[33m;[39m
 [90m    |[39m [31m[1m^[22m[39m[31m[1m^[22m[39m[31m[1m^[22m[39m[31m[1m^[22m[39m[
31m[1m^[22m[39m[31m[1m^[22m[39m[31m[1m^[22m[39m[31m[1m^[22m[39m[31m[1m^[22m[39m
[31m[1m^[22m[39m[31m[1m^[22m[39m[31m[1m^[22m[39m[31m[1m^[22m[39m[31m[1m^[22m[39m
[31m[1m^[22m[39m[31m[1m^[22m[39m[31m[1m^[22m[39m[31m[1m^[22m[39m[31m[1m^[22m[39
m[31m[1m^[22m[39m[31m[1m^[22m[39m[31m[1m^[22m[39m[31m[1m^[22m[39m[31m[1m^[22m[3
9m[31m[1m^[22m[39m[31m[1m^[22m[39m[31m[1m^[22m[39m[31m[1m^[22m[39m[31m[1m^[22m[
39m[31m[1m^[22m[39m[31m[1m^[22m[39m[31m[1m^[22m[39m[31m[1m^[22m[39m[31m[1m^[22m
[39m[31m[1m^[22m[39m[31m[1m^[22m[39m[31m[1m^[22m[39m[31m[1m^[22m[39m[31m[1m^[22m
[39m[31m[1m^[22m[39m[31m[1m^[22m[39m[31m[1m^[22m[39m[31m[1m^[22m[39m[31m[1m^[22
m[39m[31m[1m^[22m[39m[31m[1m^[22m[39m[31m[1m^[22m[39m[31m[1m^[22m[39m[31m[1m^[2
2m[39m[31m[1m^[22m[39m[31m[1m^[22m[39m[31m[1m^[22m[39m[31m[1m^[22m[39m[31m[1m^[
22m[39m[31m[1m^[22m[39m[31m[1m^[22m[39m[31m[1m^[22m[39m[31m[1m^[22m[39m[31m[1m^
[22m[39m[31m[1m^[22m[39m[31m[1m^[22m[39m[31m[1m^[22m[39m[31m[1m^[22m[39m[31m[1m^
[22m[39m[31m[1m^[22m[39m[31m[1m^[22m[39m[31m[1m^[22m[39m[31m[1m^[22m[39m[31m[1m
^[22m[39m
 [90m 10 |[39m [36mimport[39m { [33mMobileBottomNav[39m } [36mfrom[39m 
[32m"@/components/mobile-bottom-nav"[39m[33m;[39m
 [90m 11 |[39m
 [90m 12 |[39m [36mconst[39m poppins [33m=[39m [33mPoppins[39m({[0m



https://nextjs.org/docs/messages/module-not-found


./src/app/chat/page.tsx:11:1
Module not found: Can't resolve '@/components/krutim-logo'
[0m [90m  9 |[39m [36mimport[39m { useTheme } [36mfrom[39m 
[32m"@/components/theme-provider"[39m[33m;[39m
 [90m 10 |[39m [36mimport[39m { useChatState } [36mfrom[39m 
[32m"@/components/chat-state-provider"[39m[33m;[39m
[31m[1m>[22m[39m[90m 11 |[39m [36mimport[39m { [33mKrutimLogo[39m } [36mfrom[39m 
[32m"@/components/krutim-logo"[39m[33m;[39m
 [90m    |[39m [31m[1m^[22m[39m[31m[1m^[22m[39m[31m[1m^[22m[39m[31m[1m^[22m[39m[
31m[1m^[22m[39m[31m[1m^[22m[39m[31m[1m^[22m[39m[31m[1m^[22m[39m[31m[1m^[22m[39m
[31m[1m^[22m[39m[31m[1m^[22m[39m[31m[1m^[22m[39m[31m[1m^[22m[39m[31m[1m^[22m[39m
[31m[1m^[22m[39m[31m[1m^[22m[39m[31m[1m^[22m[39m[31m[1m^[22m[39m[31m[1m^[22m[39
m[31m[1m^[22m[39m[31m[1m^[22m[39m[31m[1m^[22m[39m[31m[1m^[22m[39m[31m[1m^[22m[3
9m[31m[1m^[22m[39m[31m[1m^[22m[39m[31m[1m^[22m[39m[31m[1m^[22m[39m[31m[1m^[22m[
39m[31m[1m^[22m[39m[31m[1m^[22m[39m[31m[1m^[22m[39m[31m[1m^[22m[39m[31m[1m^[22m
[39m[31m[1m^[22m[39m[31m[1m^[22m[39m[31m[1m^[22m[39m[31m[1m^[22m[39m[31m[1m^[22m
[39m[31m[1m^[22m[39m[31m[1m^[22m[39m[31m[1m^[22m[39m[31m[1m^[22m[39m[31m[1m^[22
m[39m[31m[1m^[22m[39m[31m[1m^[22m[39m[31m[1m^[22m[39m[31m[1m^[22m[39m[31m[1m^[2
2m[39m[31m[1m^[22m[39m[31m[1m^[22m[39m[31m[1m^[22m[39m[31m[1m^[22m[39m[31m[1m^[
22m[39m
 [90m 12 |[39m [36mimport[39m { motion[33m,[39m [33mAnimatePresence[39m } [36mfrom[39m 
[32m"framer-motion"[39m[33m;[39m
 [90m 13 |[39m [36mimport[39m {
 [90m 14 |[39m     [33mSheet[39m[33m,[39m[0m



Import traces:
  Client Component Browser:
    ./src/app/chat/page.tsx [Client Component Browser]
    ./src/app/chat/page.tsx [Server Component]

  Client Component SSR:
    ./src/app/chat/page.tsx [Client Component SSR]
    ./src/app/chat/page.tsx [Server Component]

https://nextjs.org/docs/messages/module-not-found


./src/app/chat/page.tsx:7:1
Module not found: Can't resolve '@/components/markdown-renderer'
[0m [90m  5 |[39m [36mimport[39m { cn } [36mfrom[39m [32m"@/lib/utils"[39m[33m;[39m
 [90m  6 |[39m [36mimport[39m { [33mButton[39m } [36mfrom[39m 
[32m"@/components/ui/button"[39m[33m;[39m
[31m[1m>[22m[39m[90m  7 |[39m [36mimport[39m { [33mMarkdownRenderer[39m } [36mfrom[39m 
[32m"@/components/markdown-renderer"[39m[33m;[39m
 [90m    |[39m [31m[1m^[22m[39m[31m[1m^[22m[39m[31m[1m^[22m[39m[31m[1m^[22m[39m[
31m[1m^[22m[39m[31m[1m^[22m[39m[31m[1m^[22m[39m[31m[1m^[22m[39m[31m[1m^[22m[39m
[31m[1m^[22m[39m[31m[1m^[22m[39m[31m[1m^[22m[39m[31m[1m^[22m[39m[31m[1m^[22m[39m
[31m[1m^[22m[39m[31m[1m^[22m[39m[31m[1m^[22m[39m[31m[1m^[22m[39m[31m[1m^[22m[39
m[31m[1m^[22m[39m[31m[1m^[22m[39m[31m[1m^[22m[39m[31m[1m^[22m[39m[31m[1m^[22m[3
9m[31m[1m^[22m[39m[31m[1m^[22m[39m[31m[1m^[22m[39m[31m[1m^[22m[39m[31m[1m^[22m[
39m[31m[1m^[22m[39m[31m[1m^[22m[39m[31m[1m^[22m[39m[31m[1m^[22m[39m[31m[1m^[22m
[39m[31m[1m^[22m[39m[31m[1m^[22m[39m[31m[1m^[22m[39m[31m[1m^[22m[39m[31m[1m^[22m
[39m[31m[1m^[22m[39m[31m[1m^[22m[39m[31m[1m^[22m[39m[31m[1m^[22m[39m[31m[1m^[22
m[39m[31m[1m^[22m[39m[31m[1m^[22m[39m[31m[1m^[22m[39m[31m[1m^[22m[39m[31m[1m^[2
2m[39m[31m[1m^[22m[39m[31m[1m^[22m[39m[31m[1m^[22m[39m[31m[1m^[22m[39m[31m[1m^[
22m[39m[31m[1m^[22m[39m[31m[1m^[22m[39m[31m[1m^[22m[39m[31m[1m^[22m[39m[31m[1m^
[22m[39m[31m[1m^[22m[39m[31m[1m^[22m[39m[31m[1m^[22m[39m[31m[1m^[22m[39m[31m[1m^
[22m[39m[31m[1m^[22m[39m[31m[1m^[22m[39m
 [90m  8 |[39m [36mimport[39m { [33mSidebarTrigger[39m[33m,[39m useSidebar } 
[36mfrom[39m [32m"@/components/ui/sidebar"[39m[33m;[39m
 [90m  9 |[39m [36mimport[39m { useTheme } [36mfrom[39m 
[32m"@/components/theme-provider"[39m[33m;[39m
 [90m 10 |[39m [36mimport[39m { useChatState } [36mfrom[39m 
[32m"@/components/chat-state-provider"[39m[33m;[39m[0m



Import traces:
  Client Component Browser:
    ./src/app/chat/page.tsx [Client Component Browser]
    ./src/app/chat/page.tsx [Server Component]

  Client Component SSR:
    ./src/app/chat/page.tsx [Client Component SSR]
    ./src/app/chat/page.tsx [Server Component]

https://nextjs.org/docs/messages/module-not-found


./src/app/layout.tsx:10:1
Module not found: Can't resolve '@/components/mobile-bottom-nav'
[0m [90m  8 |[39m [36mimport[39m { [33mThemeProvider[39m } [36mfrom[39m 
[32m"@/components/theme-provider"[39m[33m;[39m
 [90m  9 |[39m [36mimport[39m { [33mChatStateProvider[39m } [36mfrom[39m 
[32m"@/components/chat-state-provider"[39m[33m;[39m
[31m[1m>[22m[39m[90m 10 |[39m [36mimport[39m { [33mMobileBottomNav[39m } [36mfrom[39m 
[32m"@/components/mobile-bottom-nav"[39m[33m;[39m
 [90m    |[39m [31m[1m^[22m[39m[31m[1m^[22m[39m[31m[1m^[22m[39m[31m[1m^[22m[39m[
31m[1m^[22m[39m[31m[1m^[22m[39m[31m[1m^[22m[39m[31m[1m^[22m[39m[31m[1m^[22m[39m
[31m[1m^[22m[39m[31m[1m^[22m[39m[31m[1m^[22m[39m[31m[1m^[22m[39m[31m[1m^[22m[39m
[31m[1m^[22m[39m[31m[1m^[22m[39m[31m[1m^[22m[39m[31m[1m^[22m[39m[31m[1m^[22m[39
m[31m[1m^[22m[39m[31m[1m^[22m[39m[31m[1m^[22m[39m[31m[1m^[22m[39m[31m[1m^[22m[3
9m[31m[1m^[22m[39m[31m[1m^[22m[39m[31m[1m^[22m[39m[31m[1m^[22m[39m[31m[1m^[22m[
39m[31m[1m^[22m[39m[31m[1m^[22m[39m[31m[1m^[22m[39m[31m[1m^[22m[39m[31m[1m^[22m
[39m[31m[1m^[22m[39m[31m[1m^[22m[39m[31m[1m^[22m[39m[31m[1m^[22m[39m[31m[1m^[22m
[39m[31m[1m^[22m[39m[31m[1m^[22m[39m[31m[1m^[22m[39m[31m[1m^[22m[39m[31m[1m^[22
m[39m[31m[1m^[22m[39m[31m[1m^[22m[39m[31m[1m^[22m[39m[31m[1m^[22m[39m[31m[1m^[2
2m[39m[31m[1m^[22m[39m[31m[1m^[22m[39m[31m[1m^[22m[39m[31m[1m^[22m[39m[31m[1m^[
22m[39m[31m[1m^[22m[39m[31m[1m^[22m[39m[31m[1m^[22m[39m[31m[1m^[22m[39m[31m[1m^
[22m[39m[31m[1m^[22m[39m[31m[1m^[22m[39m[31m[1m^[22m[39m[31m[1m^[22m[39m[31m[1m^
[22m[39m[31m[1m^[22m[39m
 [90m 11 |[39m
 [90m 12 |[39m [36mconst[39m poppins [33m=[39m [33mPoppins[39m({
 [90m 13 |[39m   subsets[33m:[39m [[32m"latin"[39m][33m,[39m[0m



https://nextjs.org/docs/messages/module-not-found


./src/app/chat/page.tsx:9:1
Module not found: Can't resolve '@/components/theme-provider'
[0m [90m  7 |[39m [36mimport[39m { [33mMarkdownRenderer[39m } [36mfrom[39m 
[32m"@/components/markdown-renderer"[39m[33m;[39m
 [90m  8 |[39m [36mimport[39m { [33mSidebarTrigger[39m[33m,[39m useSidebar } 
[36mfrom[39m [32m"@/components/ui/sidebar"[39m[33m;[39m
[31m[1m>[22m[39m[90m  9 |[39m [36mimport[39m { useTheme } [36mfrom[39m 
[32m"@/components/theme-provider"[39m[33m;[39m
 [90m    |[39m [31m[1m^[22m[39m[31m[1m^[22m[39m[31m[1m^[22m[39m[31m[1m^[22m[39m[
31m[1m^[22m[39m[31m[1m^[22m[39m[31m[1m^[22m[39m[31m[1m^[22m[39m[31m[1m^[22m[39m
[31m[1m^[22m[39m[31m[1m^[22m[39m[31m[1m^[22m[39m[31m[1m^[22m[39m[31m[1m^[22m[39m
[31m[1m^[22m[39m[31m[1m^[22m[39m[31m[1m^[22m[39m[31m[1m^[22m[39m[31m[1m^[22m[39
m[31m[1m^[22m[39m[31m[1m^[22m[39m[31m[1m^[22m[39m[31m[1m^[22m[39m[31m[1m^[22m[3
9m[31m[1m^[22m[39m[31m[1m^[22m[39m[31m[1m^[22m[39m[31m[1m^[22m[39m[31m[1m^[22m[
39m[31m[1m^[22m[39m[31m[1m^[22m[39m[31m[1m^[22m[39m[31m[1m^[22m[39m[31m[1m^[22m
[39m[31m[1m^[22m[39m[31m[1m^[22m[39m[31m[1m^[22m[39m[31m[1m^[22m[39m[31m[1m^[22m
[39m[31m[1m^[22m[39m[31m[1m^[22m[39m[31m[1m^[22m[39m[31m[1m^[22m[39m[31m[1m^[22
m[39m[31m[1m^[22m[39m[31m[1m^[22m[39m[31m[1m^[22m[39m[31m[1m^[22m[39m[31m[1m^[2
2m[39m[31m[1m^[22m[39m[31m[1m^[22m[39m[31m[1m^[22m[39m[31m[1m^[22m[39m[31m[1m^[
22m[39m[31m[1m^[22m[39m
 [90m 10 |[39m [36mimport[39m { useChatState } [36mfrom[39m 
[32m"@/components/chat-state-provider"[39m[33m;[39m
 [90m 11 |[39m [36mimport[39m { [33mKrutimLogo[39m } [36mfrom[39m 
[32m"@/components/krutim-logo"[39m[33m;[39m
 [90m 12 |[39m [36mimport[39m { motion[33m,[39m [33mAnimatePresence[39m } [36mfrom[39m 
[32m"framer-motion"[39m[33m;[39m[0m



Import traces:
  Client Component Browser:
    ./src/app/chat/page.tsx [Client Component Browser]
    ./src/app/chat/page.tsx [Server Component]

  Client Component SSR:
    ./src/app/chat/page.tsx [Client Component SSR]
    ./src/app/chat/page.tsx [Server Component]

https://nextjs.org/docs/messages/module-not-found


./src/app/layout.tsx:8:1
Module not found: Can't resolve '@/components/theme-provider'
[0m [90m  6 |[39m [36mimport[39m { [33mSidebarProvider[39m } [36mfrom[39m 
[32m"@/components/ui/sidebar"[39m[33m;[39m
 [90m  7 |[39m [36mimport[39m { [33mAppSidebar[39m } [36mfrom[39m 
[32m"@/components/app-sidebar"[39m[33m;[39m
[31m[1m>[22m[39m[90m  8 |[39m [36mimport[39m { [33mThemeProvider[39m } [36mfrom[39m 
[32m"@/components/theme-provider"[39m[33m;[39m
 [90m    |[39m [31m[1m^[22m[39m[31m[1m^[22m[39m[31m[1m^[22m[39m[31m[1m^[22m[39m[
31m[1m^[22m[39m[31m[1m^[22m[39m[31m[1m^[22m[39m[31m[1m^[22m[39m[31m[1m^[22m[39m
[31m[1m^[22m[39m[31m[1m^[22m[39m[31m[1m^[22m[39m[31m[1m^[22m[39m[31m[1m^[22m[39m
[31m[1m^[22m[39m[31m[1m^[22m[39m[31m[1m^[22m[39m[31m[1m^[22m[39m[31m[1m^[22m[39
m[31m[1m^[22m[39m[31m[1m^[22m[39m[31m[1m^[22m[39m[31m[1m^[22m[39m[31m[1m^[22m[3
9m[31m[1m^[22m[39m[31m[1m^[22m[39m[31m[1m^[22m[39m[31m[1m^[22m[39m[31m[1m^[22m[
39m[31m[1m^[22m[39m[31m[1m^[22m[39m[31m[1m^[22m[39m[31m[1m^[22m[39m[31m[1m^[22m
[39m[31m[1m^[22m[39m[31m[1m^[22m[39m[31m[1m^[22m[39m[31m[1m^[22m[39m[31m[1m^[22m
[39m[31m[1m^[22m[39m[31m[1m^[22m[39m[31m[1m^[22m[39m[31m[1m^[22m[39m[31m[1m^[22
m[39m[31m[1m^[22m[39m[31m[1m^[22m[39m[31m[1m^[22m[39m[31m[1m^[22m[39m[31m[1m^[2
2m[39m[31m[1m^[22m[39m[31m[1m^[22m[39m[31m[1m^[22m[39m[31m[1m^[22m[39m[31m[1m^[
22m[39m[31m[1m^[22m[39m[31m[1m^[22m[39m[31m[1m^[22m[39m[31m[1m^[22m[39m[31m[1m^
[22m[39m[31m[1m^[22m[39m
 [90m  9 |[39m [36mimport[39m { [33mChatStateProvider[39m } [36mfrom[39m 
[32m"@/components/chat-state-provider"[39m[33m;[39m
 [90m 10 |[39m [36mimport[39m { [33mMobileBottomNav[39m } [36mfrom[39m 
[32m"@/components/mobile-bottom-nav"[39m[33m;[39m
 [90m 11 |[39m[0m



https://nextjs.org/docs/messages/module-not-found


./src/app/models/page.tsx:6:1
Module not found: Can't resolve '@/components/theme-provider'
[0m [90m 4 |[39m [36mimport[39m { supabase } [36mfrom[39m 
[32m"@/lib/supabase"[39m[33m;[39m
 [90m 5 |[39m [36mimport[39m { [33mBadge[39m } [36mfrom[39m 
[32m"@/components/ui/badge"[39m[33m;[39m
[31m[1m>[22m[39m[90m 6 |[39m [36mimport[39m { useTheme } [36mfrom[39m 
[32m"@/components/theme-provider"[39m[33m;[39m
 [90m   |[39m [31m[1m^[22m[39m[31m[1m^[22m[39m[31m[1m^[22m[39m[31m[1m^[22m[39m[3
1m[1m^[22m[39m[31m[1m^[22m[39m[31m[1m^[22m[39m[31m[1m^[22m[39m[31m[1m^[22m[39m[
31m[1m^[22m[39m[31m[1m^[22m[39m[31m[1m^[22m[39m[31m[1m^[22m[39m[31m[1m^[22m[39m
[31m[1m^[22m[39m[31m[1m^[22m[39m[31m[1m^[22m[39m[31m[1m^[22m[39m[31m[1m^[22m[39m
[31m[1m^[22m[39m[31m[1m^[22m[39m[31m[1m^[22m[39m[31m[1m^[22m[39m[31m[1m^[22m[39
m[31m[1m^[22m[39m[31m[1m^[22m[39m[31m[1m^[22m[39m[31m[1m^[22m[39m[31m[1m^[22m[3
9m[31m[1m^[22m[39m[31m[1m^[22m[39m[31m[1m^[22m[39m[31m[1m^[22m[39m[31m[1m^[22m[
39m[31m[1m^[22m[39m[31m[1m^[22m[39m[31m[1m^[22m[39m[31m[1m^[22m[39m[31m[1m^[22m
[39m[31m[1m^[22m[39m[31m[1m^[22m[39m[31m[1m^[22m[39m[31m[1m^[22m[39m[31m[1m^[22m
[39m[31m[1m^[22m[39m[31m[1m^[22m[39m[31m[1m^[22m[39m[31m[1m^[22m[39m[31m[1m^[22
m[39m[31m[1m^[22m[39m[31m[1m^[22m[39m[31m[1m^[22m[39m[31m[1m^[22m[39m[31m[1m^[2
2m[39m[31m[1m^[22m[39m
 [90m 7 |[39m [36mimport[39m { cn } [36mfrom[39m [32m"@/lib/utils"[39m[33m;[39m
 [90m 8 |[39m
 [90m 9 |[39m [36minterface[39m [33mModel[39m {[0m



Import traces:
  Client Component Browser:
    ./src/app/models/page.tsx [Client Component Browser]
    ./src/app/models/page.tsx [Server Component]

  Client Component SSR:
    ./src/app/models/page.tsx [Client Component SSR]
    ./src/app/models/page.tsx [Server Component]

https://nextjs.org/docs/messages/module-not-found


./src/app/settings/page.tsx:7:1
Module not found: Can't resolve '@/components/theme-provider'
[0m [90m  5 |[39m [36mimport[39m { [33mSwitch[39m } [36mfrom[39m 
[32m"@/components/ui/switch"[39m[33m;[39m
 [90m  6 |[39m [36mimport[39m { [33mLabel[39m } [36mfrom[39m 
[32m"@/components/ui/label"[39m[33m;[39m
[31m[1m>[22m[39m[90m  7 |[39m [36mimport[39m { useTheme } [36mfrom[39m 
[32m"@/components/theme-provider"[39m[33m;[39m
 [90m    |[39m [31m[1m^[22m[39m[31m[1m^[22m[39m[31m[1m^[22m[39m[31m[1m^[22m[39m[
31m[1m^[22m[39m[31m[1m^[22m[39m[31m[1m^[22m[39m[31m[1m^[22m[39m[31m[1m^[22m[39m
[31m[1m^[22m[39m[31m[1m^[22m[39m[31m[1m^[22m[39m[31m[1m^[22m[39m[31m[1m^[22m[39m
[31m[1m^[22m[39m[31m[1m^[22m[39m[31m[1m^[22m[39m[31m[1m^[22m[39m[31m[1m^[22m[39
m[31m[1m^[22m[39m[31m[1m^[22m[39m[31m[1m^[22m[39m[31m[1m^[22m[39m[31m[1m^[22m[3
9m[31m[1m^[22m[39m[31m[1m^[22m[39m[31m[1m^[22m[39m[31m[1m^[22m[39m[31m[1m^[22m[
39m[31m[1m^[22m[39m[31m[1m^[22m[39m[31m[1m^[22m[39m[31m[1m^[22m[39m[31m[1m^[22m
[39m[31m[1m^[22m[39m[31m[1m^[22m[39m[31m[1m^[22m[39m[31m[1m^[22m[39m[31m[1m^[22m
[39m[31m[1m^[22m[39m[31m[1m^[22m[39m[31m[1m^[22m[39m[31m[1m^[22m[39m[31m[1m^[22
m[39m[31m[1m^[22m[39m[31m[1m^[22m[39m[31m[1m^[22m[39m[31m[1m^[22m[39m[31m[1m^[2
2m[39m[31m[1m^[22m[39m[31m[1m^[22m[39m[31m[1m^[22m[39m[31m[1m^[22m[39m[31m[1m^[
22m[39m[31m[1m^[22m[39m
 [90m  8 |[39m [36mimport[39m { cn } [36mfrom[39m [32m"@/lib/utils"[39m[33m;[39m
 [90m  9 |[39m
 [90m 10 |[39m [36mexport[39m [36mdefault[39m [36mfunction[39m [33mSettingsPage[39m() 
{[0m



Import traces:
  Client Component Browser:
    ./src/app/settings/page.tsx [Client Component Browser]
    ./src/app/settings/page.tsx [Server Component]

  Client Component SSR:
    ./src/app/settings/page.tsx [Client Component SSR]
    ./src/app/settings/page.tsx [Server Component]

https://nextjs.org/docs/messages/module-not-found


./src/app/models/page.tsx:5:1
Module not found: Can't resolve '@/components/ui/badge'
[0m [90m 3 |[39m [36mimport[39m { useEffect[33m,[39m useState } [36mfrom[39m 
[32m"react"[39m[33m;[39m
 [90m 4 |[39m [36mimport[39m { supabase } [36mfrom[39m [32m"@/lib/supabase"[39m[33m;[39m
[31m[1m>[22m[39m[90m 5 |[39m [36mimport[39m { [33mBadge[39m } [36mfrom[39m 
[32m"@/components/ui/badge"[39m[33m;[39m
 [90m   |[39m [31m[1m^[22m[39m[31m[1m^[22m[39m[31m[1m^[22m[39m[31m[1m^[22m[39m[3
1m[1m^[22m[39m[31m[1m^[22m[39m[31m[1m^[22m[39m[31m[1m^[22m[39m[31m[1m^[22m[39m[
31m[1m^[22m[39m[31m[1m^[22m[39m[31m[1m^[22m[39m[31m[1m^[22m[39m[31m[1m^[22m[39m
[31m[1m^[22m[39m[31m[1m^[22m[39m[31m[1m^[22m[39m[31m[1m^[22m[39m[31m[1m^[22m[39m
[31m[1m^[22m[39m[31m[1m^[22m[39m[31m[1m^[22m[39m[31m[1m^[22m[39m[31m[1m^[22m[39
m[31m[1m^[22m[39m[31m[1m^[22m[39m[31m[1m^[22m[39m[31m[1m^[22m[39m[31m[1m^[22m[3
9m[31m[1m^[22m[39m[31m[1m^[22m[39m[31m[1m^[22m[39m[31m[1m^[22m[39m[31m[1m^[22m[
39m[31m[1m^[22m[39m[31m[1m^[22m[39m[31m[1m^[22m[39m[31m[1m^[22m[39m[31m[1m^[22m
[39m[31m[1m^[22m[39m[31m[1m^[22m[39m[31m[1m^[22m[39m[31m[1m^[22m[39m[31m[1m^[22m
[39m[31m[1m^[22m[39m[31m[1m^[22m[39m
 [90m 6 |[39m [36mimport[39m { useTheme } [36mfrom[39m 
[32m"@/components/theme-provider"[39m[33m;[39m
 [90m 7 |[39m [36mimport[39m { cn } [36mfrom[39m [32m"@/lib/utils"[39m[33m;[39m
 [90m 8 |[39m[0m



Import traces:
  Client Component Browser:
    ./src/app/models/page.tsx [Client Component Browser]
    ./src/app/models/page.tsx [Server Component]

  Client Component SSR:
    ./src/app/models/page.tsx [Client Component SSR]
    ./src/app/models/page.tsx [Server Component]

https://nextjs.org/docs/messages/module-not-found


./src/app/chat/page.tsx:6:1
Module not found: Can't resolve '@/components/ui/button'
[0m [90m 4 |[39m [36mimport[39m { supabase } [36mfrom[39m 
[32m"@/lib/supabase"[39m[33m;[39m
 [90m 5 |[39m [36mimport[39m { cn } [36mfrom[39m [32m"@/lib/utils"[39m[33m;[39m
[31m[1m>[22m[39m[90m 6 |[39m [36mimport[39m { [33mButton[39m } [36mfrom[39m 
[32m"@/components/ui/button"[39m[33m;[39m
 [90m   |[39m [31m[1m^[22m[39m[31m[1m^[22m[39m[31m[1m^[22m[39m[31m[1m^[22m[39m[3
1m[1m^[22m[39m[31m[1m^[22m[39m[31m[1m^[22m[39m[31m[1m^[22m[39m[31m[1m^[22m[39m[
31m[1m^[22m[39m[31m[1m^[22m[39m[31m[1m^[22m[39m[31m[1m^[22m[39m[31m[1m^[22m[39m
[31m[1m^[22m[39m[31m[1m^[22m[39m[31m[1m^[22m[39m[31m[1m^[22m[39m[31m[1m^[22m[39m
[31m[1m^[22m[39m[31m[1m^[22m[39m[31m[1m^[22m[39m[31m[1m^[22m[39m[31m[1m^[22m[39
m[31m[1m^[22m[39m[31m[1m^[22m[39m[31m[1m^[22m[39m[31m[1m^[22m[39m[31m[1m^[22m[3
9m[31m[1m^[22m[39m[31m[1m^[22m[39m[31m[1m^[22m[39m[31m[1m^[22m[39m[31m[1m^[22m[
39m[31m[1m^[22m[39m[31m[1m^[22m[39m[31m[1m^[22m[39m[31m[1m^[22m[39m[31m[1m^[22m
[39m[31m[1m^[22m[39m[31m[1m^[22m[39m[31m[1m^[22m[39m[31m[1m^[22m[39m[31m[1m^[22m
[39m[31m[1m^[22m[39m[31m[1m^[22m[39m[31m[1m^[22m[39m[31m[1m^[22m[39m
 [90m 7 |[39m [36mimport[39m { [33mMarkdownRenderer[39m } [36mfrom[39m 
[32m"@/components/markdown-renderer"[39m[33m;[39m
 [90m 8 |[39m [36mimport[39m { [33mSidebarTrigger[39m[33m,[39m useSidebar } [36mfrom[39m 
[32m"@/components/ui/sidebar"[39m[33m;[39m
 [90m 9 |[39m [36mimport[39m { useTheme } [36mfrom[39m 
[32m"@/components/theme-provider"[39m[33m;[39m[0m



Import traces:
  Client Component Browser:
    ./src/app/chat/page.tsx [Client Component Browser]
    ./src/app/chat/page.tsx [Server Component]

  Client Component SSR:
    ./src/app/chat/page.tsx [Client Component SSR]
    ./src/app/chat/page.tsx [Server Component]

https://nextjs.org/docs/messages/module-not-found


./src/app/settings/page.tsx:6:1
Module not found: Can't resolve '@/components/ui/label'
[0m [90m 4 |[39m [36mimport[39m { supabase } [36mfrom[39m 
[32m"@/lib/supabase"[39m[33m;[39m
 [90m 5 |[39m [36mimport[39m { [33mSwitch[39m } [36mfrom[39m 
[32m"@/components/ui/switch"[39m[33m;[39m
[31m[1m>[22m[39m[90m 6 |[39m [36mimport[39m { [33mLabel[39m } [36mfrom[39m 
[32m"@/components/ui/label"[39m[33m;[39m
 [90m   |[39m [31m[1m^[22m[39m[31m[1m^[22m[39m[31m[1m^[22m[39m[31m[1m^[22m[39m[3
1m[1m^[22m[39m[31m[1m^[22m[39m[31m[1m^[22m[39m[31m[1m^[22m[39m[31m[1m^[22m[39m[
31m[1m^[22m[39m[31m[1m^[22m[39m[31m[1m^[22m[39m[31m[1m^[22m[39m[31m[1m^[22m[39m
[31m[1m^[22m[39m[31m[1m^[22m[39m[31m[1m^[22m[39m[31m[1m^[22m[39m[31m[1m^[22m[39m
[31m[1m^[22m[39m[31m[1m^[22m[39m[31m[1m^[22m[39m[31m[1m^[22m[39m[31m[1m^[22m[39
m[31m[1m^[22m[39m[31m[1m^[22m[39m[31m[1m^[22m[39m[31m[1m^[22m[39m[31m[1m^[22m[3
9m[31m[1m^[22m[39m[31m[1m^[22m[39m[31m[1m^[22m[39m[31m[1m^[22m[39m[31m[1m^[22m[
39m[31m[1m^[22m[39m[31m[1m^[22m[39m[31m[1m^[22m[39m[31m[1m^[22m[39m[31m[1m^[22m
[39m[31m[1m^[22m[39m[31m[1m^[22m[39m[31m[1m^[22m[39m[31m[1m^[22m[39m[31m[1m^[22m
[39m[31m[1m^[22m[39m[31m[1m^[22m[39m
 [90m 7 |[39m [36mimport[39m { useTheme } [36mfrom[39m 
[32m"@/components/theme-provider"[39m[33m;[39m
 [90m 8 |[39m [36mimport[39m { cn } [36mfrom[39m [32m"@/lib/utils"[39m[33m;[39m
 [90m 9 |[39m[0m



Import traces:
  Client Component Browser:
    ./src/app/settings/page.tsx [Client Component Browser]
    ./src/app/settings/page.tsx [Server Component]

  Client Component SSR:
    ./src/app/settings/page.tsx [Client Component SSR]
    ./src/app/settings/page.tsx [Server Component]

https://nextjs.org/docs/messages/module-not-found


./src/app/chat/page.tsx:21:1
Module not found: Can't resolve '@/components/ui/select'
[0m [90m 19 |[39m     [33mSheetTrigger[39m[33m,[39m
 [90m 20 |[39m } [36mfrom[39m [32m"@/components/ui/sheet"[39m[33m;[39m
[31m[1m>[22m[39m[90m 21 |[39m [36mimport[39m {
 [90m    |[39m [31m[1m^[22m[39m[31m[1m^[22m[39m[31m[1m^[22m[39m[31m[1m^[22m[39m[
31m[1m^[22m[39m[31m[1m^[22m[39m[31m[1m^[22m[39m[31m[1m^[22m[39m
[31m[1m>[22m[39m[90m 22 |[39m     [33mSelect[39m[33m,[39m
 [90m    |[39m [31m[1m^[22m[39m[31m[1m^[22m[39m[31m[1m^[22m[39m[31m[1m^[22m[39m[
31m[1m^[22m[39m[31m[1m^[22m[39m[31m[1m^[22m[39m[31m[1m^[22m[39m[31m[1m^[22m[39m
[31m[1m^[22m[39m[31m[1m^[22m[39m
[31m[1m>[22m[39m[90m 23 |[39m     [33mSelectContent[39m[33m,[39m
 [90m    |[39m [31m[1m^[22m[39m[31m[1m^[22m[39m[31m[1m^[22m[39m[31m[1m^[22m[39m[
31m[1m^[22m[39m[31m[1m^[22m[39m[31m[1m^[22m[39m[31m[1m^[22m[39m[31m[1m^[22m[39m
[31m[1m^[22m[39m[31m[1m^[22m[39m
[31m[1m>[22m[39m[90m 24 |[39m     [33mSelectItem[39m[33m,[39m
 [90m    |[39m [31m[1m^[22m[39m[31m[1m^[22m[39m[31m[1m^[22m[39m[31m[1m^[22m[39m[
31m[1m^[22m[39m[31m[1m^[22m[39m[31m[1m^[22m[39m[31m[1m^[22m[39m[31m[1m^[22m[39m
[31m[1m^[22m[39m[31m[1m^[22m[39m
[31m[1m>[22m[39m[90m 25 |[39m     [33mSelectTrigger[39m[33m,[39m
 [90m    |[39m [31m[1m^[22m[39m[31m[1m^[22m[39m[31m[1m^[22m[39m[31m[1m^[22m[39m[
31m[1m^[22m[39m[31m[1m^[22m[39m[31m[1m^[22m[39m[31m[1m^[22m[39m[31m[1m^[22m[39m
[31m[1m^[22m[39m[31m[1m^[22m[39m
[31m[1m>[22m[39m[90m 26 |[39m     [33mSelectValue[39m[33m,[39m
 [90m    |[39m [31m[1m^[22m[39m[31m[1m^[22m[39m[31m[1m^[22m[39m[31m[1m^[22m[39m[
31m[1m^[22m[39m[31m[1m^[22m[39m[31m[1m^[22m[39m[31m[1m^[22m[39m[31m[1m^[22m[39m
[31m[1m^[22m[39m[31m[1m^[22m[39m
[31m[1m>[22m[39m[90m 27 |[39m } [36mfrom[39m [32m"@/components/ui/select"[39m[33m;[39m
 [90m    |[39m [31m[1m^[22m[39m[31m[1m^[22m[39m[31m[1m^[22m[39m[31m[1m^[22m[39m[
31m[1m^[22m[39m[31m[1m^[22m[39m[31m[1m^[22m[39m[31m[1m^[22m[39m[31m[1m^[22m[39m
[31m[1m^[22m[39m[31m[1m^[22m[39m[31m[1m^[22m[39m[31m[1m^[22m[39m[31m[1m^[22m[39m
[31m[1m^[22m[39m[31m[1m^[22m[39m[31m[1m^[22m[39m[31m[1m^[22m[39m[31m[1m^[22m[39
m[31m[1m^[22m[39m[31m[1m^[22m[39m[31m[1m^[22m[39m[31m[1m^[22m[39m[31m[1m^[22m[3
9m[31m[1m^[22m[39m[31m[1m^[22m[39m[31m[1m^[22m[39m[31m[1m^[22m[39m[31m[1m^[22m[
39m[31m[1m^[22m[39m[31m[1m^[22m[39m[31m[1m^[22m[39m[31m[1m^[22m[39m
 [90m 28 |[39m
 [90m 29 |[39m [36minterface[39m [33mModel[39m {
 [90m 30 |[39m     id[33m:[39m string[33m;[39m[0m



Import traces:
  Client Component Browser:
    ./src/app/chat/page.tsx [Client Component Browser]
    ./src/app/chat/page.tsx [Server Component]

  Client Component SSR:
    ./src/app/chat/page.tsx [Client Component SSR]
    ./src/app/chat/page.tsx [Server Component]

https://nextjs.org/docs/messages/module-not-found


./src/app/chat/page.tsx:13:1
Module not found: Can't resolve '@/components/ui/sheet'
[0m [90m 11 |[39m [36mimport[39m { [33mKrutimLogo[39m } [36mfrom[39m 
[32m"@/components/krutim-logo"[39m[33m;[39m
 [90m 12 |[39m [36mimport[39m { motion[33m,[39m [33mAnimatePresence[39m } [36mfrom[39m 
[32m"framer-motion"[39m[33m;[39m
[31m[1m>[22m[39m[90m 13 |[39m [36mimport[39m {
 [90m    |[39m [31m[1m^[22m[39m[31m[1m^[22m[39m[31m[1m^[22m[39m[31m[1m^[22m[39m[
31m[1m^[22m[39m[31m[1m^[22m[39m[31m[1m^[22m[39m[31m[1m^[22m[39m
[31m[1m>[22m[39m[90m 14 |[39m     [33mSheet[39m[33m,[39m
 [90m    |[39m [31m[1m^[22m[39m[31m[1m^[22m[39m[31m[1m^[22m[39m[31m[1m^[22m[39m[
31m[1m^[22m[39m[31m[1m^[22m[39m[31m[1m^[22m[39m[31m[1m^[22m[39m[31m[1m^[22m[39m
[31m[1m^[22m[39m
[31m[1m>[22m[39m[90m 15 |[39m     [33mSheetClose[39m[33m,[39m
 [90m    |[39m [31m[1m^[22m[39m[31m[1m^[22m[39m[31m[1m^[22m[39m[31m[1m^[22m[39m[
31m[1m^[22m[39m[31m[1m^[22m[39m[31m[1m^[22m[39m[31m[1m^[22m[39m[31m[1m^[22m[39m
[31m[1m^[22m[39m
[31m[1m>[22m[39m[90m 16 |[39m     [33mSheetContent[39m[33m,[39m
 [90m    |[39m [31m[1m^[22m[39m[31m[1m^[22m[39m[31m[1m^[22m[39m[31m[1m^[22m[39m[
31m[1m^[22m[39m[31m[1m^[22m[39m[31m[1m^[22m[39m[31m[1m^[22m[39m[31m[1m^[22m[39m
[31m[1m^[22m[39m
[31m[1m>[22m[39m[90m 17 |[39m     [33mSheetHeader[39m[33m,[39m
 [90m    |[39m [31m[1m^[22m[39m[31m[1m^[22m[39m[31m[1m^[22m[39m[31m[1m^[22m[39m[
31m[1m^[22m[39m[31m[1m^[22m[39m[31m[1m^[22m[39m[31m[1m^[22m[39m[31m[1m^[22m[39m
[31m[1m^[22m[39m
[31m[1m>[22m[39m[90m 18 |[39m     [33mSheetTitle[39m[33m,[39m
 [90m    |[39m [31m[1m^[22m[39m[31m[1m^[22m[39m[31m[1m^[22m[39m[31m[1m^[22m[39m[
31m[1m^[22m[39m[31m[1m^[22m[39m[31m[1m^[22m[39m[31m[1m^[22m[39m[31m[1m^[22m[39m
[31m[1m^[22m[39m
[31m[1m>[22m[39m[90m 19 |[39m     [33mSheetTrigger[39m[33m,[39m
 [90m    |[39m [31m[1m^[22m[39m[31m[1m^[22m[39m[31m[1m^[22m[39m[31m[1m^[22m[39m[
31m[1m^[22m[39m[31m[1m^[22m[39m[31m[1m^[22m[39m[31m[1m^[22m[39m[31m[1m^[22m[39m
[31m[1m^[22m[39m
[31m[1m>[22m[39m[90m 20 |[39m } [36mfrom[39m [32m"@/components/ui/sheet"[39m[33m;[39m
 [90m    |[39m [31m[1m^[22m[39m[31m[1m^[22m[39m[31m[1m^[22m[39m[31m[1m^[22m[39m[
31m[1m^[22m[39m[31m[1m^[22m[39m[31m[1m^[22m[39m[31m[1m^[22m[39m[31m[1m^[22m[39m
[31m[1m^[22m[39m[31m[1m^[22m[39m[31m[1m^[22m[39m[31m[1m^[22m[39m[31m[1m^[22m[39m
[31m[1m^[22m[39m[31m[1m^[22m[39m[31m[1m^[22m[39m[31m[1m^[22m[39m[31m[1m^[22m[39
m[31m[1m^[22m[39m[31m[1m^[22m[39m[31m[1m^[22m[39m[31m[1m^[22m[39m[31m[1m^[22m[3
9m[31m[1m^[22m[39m[31m[1m^[22m[39m[31m[1m^[22m[39m[31m[1m^[22m[39m[31m[1m^[22m[
39m[31m[1m^[22m[39m[31m[1m^[22m[39m[31m[1m^[22m[39m
 [90m 21 |[39m [36mimport[39m {
 [90m 22 |[39m     [33mSelect[39m[33m,[39m
 [90m 23 |[39m     [33mSelectContent[39m[33m,[39m[0m



Import traces:
  Client Component Browser:
    ./src/app/chat/page.tsx [Client Component Browser]
    ./src/app/chat/page.tsx [Server Component]

  Client Component SSR:
    ./src/app/chat/page.tsx [Client Component SSR]
    ./src/app/chat/page.tsx [Server Component]

https://nextjs.org/docs/messages/module-not-found


./src/app/layout.tsx:6:1
Module not found: Can't resolve '@/components/ui/sidebar'
[0m [90m 4 |[39m [36mimport[39m [32m"katex/dist/katex.min.css"[39m[33m;[39m
 [90m 5 |[39m [36mimport[39m { [33mTooltipProvider[39m } [36mfrom[39m 
[32m"@/components/ui/tooltip"[39m[33m;[39m
[31m[1m>[22m[39m[90m 6 |[39m [36mimport[39m { [33mSidebarProvider[39m } [36mfrom[39m 
[32m"@/components/ui/sidebar"[39m[33m;[39m
 [90m   |[39m [31m[1m^[22m[39m[31m[1m^[22m[39m[31m[1m^[22m[39m[31m[1m^[22m[39m[3
1m[1m^[22m[39m[31m[1m^[22m[39m[31m[1m^[22m[39m[31m[1m^[22m[39m[31m[1m^[22m[39m[
31m[1m^[22m[39m[31m[1m^[22m[39m[31m[1m^[22m[39m[31m[1m^[22m[39m[31m[1m^[22m[39m
[31m[1m^[22m[39m[31m[1m^[22m[39m[31m[1m^[22m[39m[31m[1m^[22m[39m[31m[1m^[22m[39m
[31m[1m^[22m[39m[31m[1m^[22m[39m[31m[1m^[22m[39m[31m[1m^[22m[39m[31m[1m^[22m[39
m[31m[1m^[22m[39m[31m[1m^[22m[39m[31m[1m^[22m[39m[31m[1m^[22m[39m[31m[1m^[22m[3
9m[31m[1m^[22m[39m[31m[1m^[22m[39m[31m[1m^[22m[39m[31m[1m^[22m[39m[31m[1m^[22m[
39m[31m[1m^[22m[39m[31m[1m^[22m[39m[31m[1m^[22m[39m[31m[1m^[22m[39m[31m[1m^[22m
[39m[31m[1m^[22m[39m[31m[1m^[22m[39m[31m[1m^[22m[39m[31m[1m^[22m[39m[31m[1m^[22m
[39m[31m[1m^[22m[39m[31m[1m^[22m[39m[31m[1m^[22m[39m[31m[1m^[22m[39m[31m[1m^[22
m[39m[31m[1m^[22m[39m[31m[1m^[22m[39m[31m[1m^[22m[39m[31m[1m^[22m[39m[31m[1m^[2
2m[39m[31m[1m^[22m[39m[31m[1m^[22m[39m[31m[1m^[22m[39m[31m[1m^[22m[39m
 [90m 7 |[39m [36mimport[39m { [33mAppSidebar[39m } [36mfrom[39m 
[32m"@/components/app-sidebar"[39m[33m;[39m
 [90m 8 |[39m [36mimport[39m { [33mThemeProvider[39m } [36mfrom[39m 
[32m"@/components/theme-provider"[39m[33m;[39m
 [90m 9 |[39m [36mimport[39m { [33mChatStateProvider[39m } [36mfrom[39m 
[32m"@/components/chat-state-provider"[39m[33m;[39m[0m



https://nextjs.org/docs/messages/module-not-found


./src/app/settings/page.tsx:5:1
Module not found: Can't resolve '@/components/ui/switch'
[0m [90m 3 |[39m [36mimport[39m { useEffect[33m,[39m useState } [36mfrom[39m 
[32m"react"[39m[33m;[39m
 [90m 4 |[39m [36mimport[39m { supabase } [36mfrom[39m [32m"@/lib/supabase"[39m[33m;[39m
[31m[1m>[22m[39m[90m 5 |[39m [36mimport[39m { [33mSwitch[39m } [36mfrom[39m 
[32m"@/components/ui/switch"[39m[33m;[39m
 [90m   |[39m [31m[1m^[22m[39m[31m[1m^[22m[39m[31m[1m^[22m[39m[31m[1m^[22m[39m[3
1m[1m^[22m[39m[31m[1m^[22m[39m[31m[1m^[22m[39m[31m[1m^[22m[39m[31m[1m^[22m[39m[
31m[1m^[22m[39m[31m[1m^[22m[39m[31m[1m^[22m[39m[31m[1m^[22m[39m[31m[1m^[22m[39m
[31m[1m^[22m[39m[31m[1m^[22m[39m[31m[1m^[22m[39m[31m[1m^[22m[39m[31m[1m^[22m[39m
[31m[1m^[22m[39m[31m[1m^[22m[39m[31m[1m^[22m[39m[31m[1m^[22m[39m[31m[1m^[22m[39
m[31m[1m^[22m[39m[31m[1m^[22m[39m[31m[1m^[22m[39m[31m[1m^[22m[39m[31m[1m^[22m[3
9m[31m[1m^[22m[39m[31m[1m^[22m[39m[31m[1m^[22m[39m[31m[1m^[22m[39m[31m[1m^[22m[
39m[31m[1m^[22m[39m[31m[1m^[22m[39m[31m[1m^[22m[39m[31m[1m^[22m[39m[31m[1m^[22m
[39m[31m[1m^[22m[39m[31m[1m^[22m[39m[31m[1m^[22m[39m[31m[1m^[22m[39m[31m[1m^[22m
[39m[31m[1m^[22m[39m[31m[1m^[22m[39m[31m[1m^[22m[39m[31m[1m^[22m[39m
 [90m 6 |[39m [36mimport[39m { [33mLabel[39m } [36mfrom[39m 
[32m"@/components/ui/label"[39m[33m;[39m
 [90m 7 |[39m [36mimport[39m { useTheme } [36mfrom[39m 
[32m"@/components/theme-provider"[39m[33m;[39m
 [90m 8 |[39m [36mimport[39m { cn } [36mfrom[39m [32m"@/lib/utils"[39m[33m;[39m[0m



Import traces:
  Client Component Browser:
    ./src/app/settings/page.tsx [Client Component Browser]
    ./src/app/settings/page.tsx [Server Component]

  Client Component SSR:
    ./src/app/settings/page.tsx [Client Component SSR]
    ./src/app/settings/page.tsx [Server Component]

https://nextjs.org/docs/messages/module-not-found


./src/app/layout.tsx:5:1
Module not found: Can't resolve '@/components/ui/tooltip'
[0m [90m 3 |[39m [36mimport[39m [32m"./globals.css"[39m[33m;[39m
 [90m 4 |[39m [36mimport[39m [32m"katex/dist/katex.min.css"[39m[33m;[39m
[31m[1m>[22m[39m[90m 5 |[39m [36mimport[39m { [33mTooltipProvider[39m } [36mfrom[39m 
[32m"@/components/ui/tooltip"[39m[33m;[39m
 [90m   |[39m [31m[1m^[22m[39m[31m[1m^[22m[39m[31m[1m^[22m[39m[31m[1m^[22m[39m[3
1m[1m^[22m[39m[31m[1m^[22m[39m[31m[1m^[22m[39m[31m[1m^[22m[39m[31m[1m^[22m[39m[
31m[1m^[22m[39m[31m[1m^[22m[39m[31m[1m^[22m[39m[31m[1m^[22m[39m[31m[1m^[22m[39m
[31m[1m^[22m[39m[31m[1m^[22m[39m[31m[1m^[22m[39m[31m[1m^[22m[39m[31m[1m^[22m[39m
[31m[1m^[22m[39m[31m[1m^[22m[39m[31m[1m^[22m[39m[31m[1m^[22m[39m[31m[1m^[22m[39
m[31m[1m^[22m[39m[31m[1m^[22m[39m[31m[1m^[22m[39m[31m[1m^[22m[39m[31m[1m^[22m[3
9m[31m[1m^[22m[39m[31m[1m^[22m[39m[31m[1m^[22m[39m[31m[1m^[22m[39m[31m[1m^[22m[
39m[31m[1m^[22m[39m[31m[1m^[22m[39m[31m[1m^[22m[39m[31m[1m^[22m[39m[31m[1m^[22m
[39m[31m[1m^[22m[39m[31m[1m^[22m[39m[31m[1m^[22m[39m[31m[1m^[22m[39m[31m[1m^[22m
[39m[31m[1m^[22m[39m[31m[1m^[22m[39m[31m[1m^[22m[39m[31m[1m^[22m[39m[31m[1m^[22
m[39m[31m[1m^[22m[39m[31m[1m^[22m[39m[31m[1m^[22m[39m[31m[1m^[22m[39m[31m[1m^[2
2m[39m[31m[1m^[22m[39m[31m[1m^[22m[39m[31m[1m^[22m[39m[31m[1m^[22m[39m
 [90m 6 |[39m [36mimport[39m { [33mSidebarProvider[39m } [36mfrom[39m 
[32m"@/components/ui/sidebar"[39m[33m;[39m
 [90m 7 |[39m [36mimport[39m { [33mAppSidebar[39m } [36mfrom[39m 
[32m"@/components/app-sidebar"[39m[33m;[39m
 [90m 8 |[39m [36mimport[39m { [33mThemeProvider[39m } [36mfrom[39m 
[32m"@/components/theme-provider"[39m[33m;[39m[0m



https://nextjs.org/docs/messages/module-not-found


./src/app/chat/page.tsx:4:1
Module not found: Can't resolve '@/lib/supabase'
[0m [90m 2 |[39m
 [90m 3 |[39m [36mimport[39m { useEffect[33m,[39m useState[33m,[39m useRef } 
[36mfrom[39m [32m"react"[39m[33m;[39m
[31m[1m>[22m[39m[90m 4 |[39m [36mimport[39m { supabase } [36mfrom[39m 
[32m"@/lib/supabase"[39m[33m;[39m
 [90m   |[39m [31m[1m^[22m[39m[31m[1m^[22m[39m[31m[1m^[22m[39m[31m[1m^[22m[39m[3
1m[1m^[22m[39m[31m[1m^[22m[39m[31m[1m^[22m[39m[31m[1m^[22m[39m[31m[1m^[22m[39m[
31m[1m^[22m[39m[31m[1m^[22m[39m[31m[1m^[22m[39m[31m[1m^[22m[39m[31m[1m^[22m[39m
[31m[1m^[22m[39m[31m[1m^[22m[39m[31m[1m^[22m[39m[31m[1m^[22m[39m[31m[1m^[22m[39m
[31m[1m^[22m[39m[31m[1m^[22m[39m[31m[1m^[22m[39m[31m[1m^[22m[39m[31m[1m^[22m[39
m[31m[1m^[22m[39m[31m[1m^[22m[39m[31m[1m^[22m[39m[31m[1m^[22m[39m[31m[1m^[22m[3
9m[31m[1m^[22m[39m[31m[1m^[22m[39m[31m[1m^[22m[39m[31m[1m^[22m[39m[31m[1m^[22m[
39m[31m[1m^[22m[39m[31m[1m^[22m[39m[31m[1m^[22m[39m[31m[1m^[22m[39m[31m[1m^[22m
[39m[31m[1m^[22m[39m[31m[1m^[22m[39m[31m[1m^[22m[39m
 [90m 5 |[39m [36mimport[39m { cn } [36mfrom[39m [32m"@/lib/utils"[39m[33m;[39m
 [90m 6 |[39m [36mimport[39m { [33mButton[39m } [36mfrom[39m 
[32m"@/components/ui/button"[39m[33m;[39m
 [90m 7 |[39m [36mimport[39m { [33mMarkdownRenderer[39m } [36mfrom[39m 
[32m"@/components/markdown-renderer"[39m[33m;[39m[0m



Import traces:
  Client Component Browser:
    ./src/app/chat/page.tsx [Client Component Browser]
    ./src/app/chat/page.tsx [Server Component]

  Client Component SSR:
    ./src/app/chat/page.tsx [Client Component SSR]
    ./src/app/chat/page.tsx [Server Component]

https://nextjs.org/docs/messages/module-not-found


./src/app/models/page.tsx:4:1
Module not found: Can't resolve '@/lib/supabase'
[0m [90m 2 |[39m
 [90m 3 |[39m [36mimport[39m { useEffect[33m,[39m useState } [36mfrom[39m 
[32m"react"[39m[33m;[39m
[31m[1m>[22m[39m[90m 4 |[39m [36mimport[39m { supabase } [36mfrom[39m 
[32m"@/lib/supabase"[39m[33m;[39m
 [90m   |[39m [31m[1m^[22m[39m[31m[1m^[22m[39m[31m[1m^[22m[39m[31m[1m^[22m[39m[3
1m[1m^[22m[39m[31m[1m^[22m[39m[31m[1m^[22m[39m[31m[1m^[22m[39m[31m[1m^[22m[39m[
31m[1m^[22m[39m[31m[1m^[22m[39m[31m[1m^[22m[39m[31m[1m^[22m[39m[31m[1m^[22m[39m
[31m[1m^[22m[39m[31m[1m^[22m[39m[31m[1m^[22m[39m[31m[1m^[22m[39m[31m[1m^[22m[39m
[31m[1m^[22m[39m[31m[1m^[22m[39m[31m[1m^[22m[39m[31m[1m^[22m[39m[31m[1m^[22m[39
m[31m[1m^[22m[39m[31m[1m^[22m[39m[31m[1m^[22m[39m[31m[1m^[22m[39m[31m[1m^[22m[3
9m[31m[1m^[22m[39m[31m[1m^[22m[39m[31m[1m^[22m[39m[31m[1m^[22m[39m[31m[1m^[22m[
39m[31m[1m^[22m[39m[31m[1m^[22m[39m[31m[1m^[22m[39m[31m[1m^[22m[39m[31m[1m^[22m
[39m[31m[1m^[22m[39m[31m[1m^[22m[39m[31m[1m^[22m[39m
 [90m 5 |[39m [36mimport[39m { [33mBadge[39m } [36mfrom[39m 
[32m"@/components/ui/badge"[39m[33m;[39m
 [90m 6 |[39m [36mimport[39m { useTheme } [36mfrom[39m 
[32m"@/components/theme-provider"[39m[33m;[39m
 [90m 7 |[39m [36mimport[39m { cn } [36mfrom[39m [32m"@/lib/utils"[39m[33m;[39m[0m



Import traces:
  Client Component Browser:
    ./src/app/models/page.tsx [Client Component Browser]
    ./src/app/models/page.tsx [Server Component]

  Client Component SSR:
    ./src/app/models/page.tsx [Client Component SSR]
    ./src/app/models/page.tsx [Server Component]

https://nextjs.org/docs/messages/module-not-found


./src/app/settings/page.tsx:4:1
Module not found: Can't resolve '@/lib/supabase'
[0m [90m 2 |[39m
 [90m 3 |[39m [36mimport[39m { useEffect[33m,[39m useState } [36mfrom[39m 
[32m"react"[39m[33m;[39m
[31m[1m>[22m[39m[90m 4 |[39m [36mimport[39m { supabase } [36mfrom[39m 
[32m"@/lib/supabase"[39m[33m;[39m
 [90m   |[39m [31m[1m^[22m[39m[31m[1m^[22m[39m[31m[1m^[22m[39m[31m[1m^[22m[39m[3
1m[1m^[22m[39m[31m[1m^[22m[39m[31m[1m^[22m[39m[31m[1m^[22m[39m[31m[1m^[22m[39m[
31m[1m^[22m[39m[31m[1m^[22m[39m[31m[1m^[22m[39m[31m[1m^[22m[39m[31m[1m^[22m[39m
[31m[1m^[22m[39m[31m[1m^[22m[39m[31m[1m^[22m[39m[31m[1m^[22m[39m[31m[1m^[22m[39m
[31m[1m^[22m[39m[31m[1m^[22m[39m[31m[1m^[22m[39m[31m[1m^[22m[39m[31m[1m^[22m[39
m[31m[1m^[22m[39m[31m[1m^[22m[39m[31m[1m^[22m[39m[31m[1m^[22m[39m[31m[1m^[22m[3
9m[31m[1m^[22m[39m[31m[1m^[22m[39m[31m[1m^[22m[39m[31m[1m^[22m[39m[31m[1m^[22m[
39m[31m[1m^[22m[39m[31m[1m^[22m[39m[31m[1m^[22m[39m[31m[1m^[22m[39m[31m[1m^[22m
[39m[31m[1m^[22m[39m[31m[1m^[22m[39m[31m[1m^[22m[39m
 [90m 5 |[39m [36mimport[39m { [33mSwitch[39m } [36mfrom[39m 
[32m"@/components/ui/switch"[39m[33m;[39m
 [90m 6 |[39m [36mimport[39m { [33mLabel[39m } [36mfrom[39m 
[32m"@/components/ui/label"[39m[33m;[39m
 [90m 7 |[39m [36mimport[39m { useTheme } [36mfrom[39m 
[32m"@/components/theme-provider"[39m[33m;[39m[0m



Import traces:
  Client Component Browser:
    ./src/app/settings/page.tsx [Client Component Browser]
    ./src/app/settings/page.tsx [Server Component]

  Client Component SSR:
    ./src/app/settings/page.tsx [Client Component SSR]
    ./src/app/settings/page.tsx [Server Component]

https://nextjs.org/docs/messages/module-not-found


./src/app/chat/page.tsx:5:1
Module not found: Can't resolve '@/lib/utils'
[0m [90m 3 |[39m [36mimport[39m { useEffect[33m,[39m useState[33m,[39m useRef } 
[36mfrom[39m [32m"react"[39m[33m;[39m
 [90m 4 |[39m [36mimport[39m { supabase } [36mfrom[39m [32m"@/lib/supabase"[39m[33m;[39m
[31m[1m>[22m[39m[90m 5 |[39m [36mimport[39m { cn } [36mfrom[39m 
[32m"@/lib/utils"[39m[33m;[39m
 [90m   |[39m [31m[1m^[22m[39m[31m[1m^[22m[39m[31m[1m^[22m[39m[31m[1m^[22m[39m[3
1m[1m^[22m[39m[31m[1m^[22m[39m[31m[1m^[22m[39m[31m[1m^[22m[39m[31m[1m^[22m[39m[
31m[1m^[22m[39m[31m[1m^[22m[39m[31m[1m^[22m[39m[31m[1m^[22m[39m[31m[1m^[22m[39m
[31m[1m^[22m[39m[31m[1m^[22m[39m[31m[1m^[22m[39m[31m[1m^[22m[39m[31m[1m^[22m[39m
[31m[1m^[22m[39m[31m[1m^[22m[39m[31m[1m^[22m[39m[31m[1m^[22m[39m[31m[1m^[22m[39
m[31m[1m^[22m[39m[31m[1m^[22m[39m[31m[1m^[22m[39m[31m[1m^[22m[39m[31m[1m^[22m[3
9m[31m[1m^[22m[39m[31m[1m^[22m[39m[31m[1m^[22m[39m[31m[1m^[22m[39m
 [90m 6 |[39m [36mimport[39m { [33mButton[39m } [36mfrom[39m 
[32m"@/components/ui/button"[39m[33m;[39m
 [90m 7 |[39m [36mimport[39m { [33mMarkdownRenderer[39m } [36mfrom[39m 
[32m"@/components/markdown-renderer"[39m[33m;[39m
 [90m 8 |[39m [36mimport[39m { [33mSidebarTrigger[39m[33m,[39m useSidebar } [36mfrom[39m 
[32m"@/components/ui/sidebar"[39m[33m;[39m[0m



Import traces:
  Client Component Browser:
    ./src/app/chat/page.tsx [Client Component Browser]
    ./src/app/chat/page.tsx [Server Component]

  Client Component SSR:
    ./src/app/chat/page.tsx [Client Component SSR]
    ./src/app/chat/page.tsx [Server Component]

https://nextjs.org/docs/messages/module-not-found


./src/app/models/page.tsx:7:1
Module not found: Can't resolve '@/lib/utils'
[0m [90m  5 |[39m [36mimport[39m { [33mBadge[39m } [36mfrom[39m 
[32m"@/components/ui/badge"[39m[33m;[39m
 [90m  6 |[39m [36mimport[39m { useTheme } [36mfrom[39m 
[32m"@/components/theme-provider"[39m[33m;[39m
[31m[1m>[22m[39m[90m  7 |[39m [36mimport[39m { cn } [36mfrom[39m 
[32m"@/lib/utils"[39m[33m;[39m
 [90m    |[39m [31m[1m^[22m[39m[31m[1m^[22m[39m[31m[1m^[22m[39m[31m[1m^[22m[39m[
31m[1m^[22m[39m[31m[1m^[22m[39m[31m[1m^[22m[39m[31m[1m^[22m[39m[31m[1m^[22m[39m
[31m[1m^[22m[39m[31m[1m^[22m[39m[31m[1m^[22m[39m[31m[1m^[22m[39m[31m[1m^[22m[39m
[31m[1m^[22m[39m[31m[1m^[22m[39m[31m[1m^[22m[39m[31m[1m^[22m[39m[31m[1m^[22m[39
m[31m[1m^[22m[39m[31m[1m^[22m[39m[31m[1m^[22m[39m[31m[1m^[22m[39m[31m[1m^[22m[3
9m[31m[1m^[22m[39m[31m[1m^[22m[39m[31m[1m^[22m[39m[31m[1m^[22m[39m[31m[1m^[22m[
39m[31m[1m^[22m[39m[31m[1m^[22m[39m[31m[1m^[22m[39m[31m[1m^[22m[39m
 [90m  8 |[39m
 [90m  9 |[39m [36minterface[39m [33mModel[39m {
 [90m 10 |[39m     id[33m:[39m string[33m;[39m[0m



Import traces:
  Client Component Browser:
    ./src/app/models/page.tsx [Client Component Browser]
    ./src/app/models/page.tsx [Server Component]

  Client Component SSR:
    ./src/app/models/page.tsx [Client Component SSR]
    ./src/app/models/page.tsx [Server Component]

https://nextjs.org/docs/messages/module-not-found


./src/app/settings/page.tsx:8:1
Module not found: Can't resolve '@/lib/utils'
[0m [90m  6 |[39m [36mimport[39m { [33mLabel[39m } [36mfrom[39m 
[32m"@/components/ui/label"[39m[33m;[39m
 [90m  7 |[39m [36mimport[39m { useTheme } [36mfrom[39m 
[32m"@/components/theme-provider"[39m[33m;[39m
[31m[1m>[22m[39m[90m  8 |[39m [36mimport[39m { cn } [36mfrom[39m 
[32m"@/lib/utils"[39m[33m;[39m
 [90m    |[39m [31m[1m^[22m[39m[31m[1m^[22m[39m[31m[1m^[22m[39m[31m[1m^[22m[39m[
31m[1m^[22m[39m[31m[1m^[22m[39m[31m[1m^[22m[39m[31m[1m^[22m[39m[31m[1m^[22m[39m
[31m[1m^[22m[39m[31m[1m^[22m[39m[31m[1m^[22m[39m[31m[1m^[22m[39m[31m[1m^[22m[39m
[31m[1m^[22m[39m[31m[1m^[22m[39m[31m[1m^[22m[39m[31m[1m^[22m[39m[31m[1m^[22m[39
m[31m[1m^[22m[39m[31m[1m^[22m[39m[31m[1m^[22m[39m[31m[1m^[22m[39m[31m[1m^[22m[3
9m[31m[1m^[22m[39m[31m[1m^[22m[39m[31m[1m^[22m[39m[31m[1m^[22m[39m[31m[1m^[22m[
39m[31m[1m^[22m[39m[31m[1m^[22m[39m[31m[1m^[22m[39m[31m[1m^[22m[39m
 [90m  9 |[39m
 [90m 10 |[39m [36mexport[39m [36mdefault[39m [36mfunction[39m [33mSettingsPage[39m() {
 [90m 11 |[39m     [36mconst[39m [autoCheck[33m,[39m setAutoCheck] [33m=[39m 
useState[33m<[39m[33mboolean[39m[33m>[39m([36mtrue[39m)[33m;[39m[0m



Import traces:
  Client Component Browser:
    ./src/app/settings/page.tsx [Client Component Browser]
    ./src/app/settings/page.tsx [Server Component]

  Client Component SSR:
    ./src/app/settings/page.tsx [Client Component SSR]
    ./src/app/settings/page.tsx [Server Component]

https://nextjs.org/docs/messages/module-not-found


./src/app/globals.css:3:2
Module not found: Can't resolve 'shadcn/tailwind.css'
[0m [90m 1 |[39m [33m@[39m[36mimport[39m [32m"tailwindcss"[39m[33m;[39m
 [90m 2 |[39m [33m@[39m[36mimport[39m [32m"tw-animate-css"[39m[33m;[39m
[31m[1m>[22m[39m[90m 3 |[39m [33m@[39m[36mimport[39m 
[32m"shadcn/tailwind.css"[39m[33m;[39m
 [90m   |[39m  [31m[1m^[22m[39m
 [90m 4 |[39m
 [90m 5 |[39m [33m@[39mcustom[33m-[39mvariant dark ([33m&[39m[33m:[39mis([33m.[39mdark 
[33m*[39m))[33m;[39m
 [90m 6 |[39m[0m



Import trace:
  Client Component Browser:
    ./src/app/globals.css [Client Component Browser]
    ./src/app/layout.tsx [Server Component]

https://nextjs.org/docs/messages/module-not-found


./src/app/globals.css:2:2
Module not found: Can't resolve 'tw-animate-css'
[0m [90m 1 |[39m [33m@[39m[36mimport[39m [32m"tailwindcss"[39m[33m;[39m
[31m[1m>[22m[39m[90m 2 |[39m [33m@[39m[36mimport[39m 
[32m"tw-animate-css"[39m[33m;[39m
 [90m   |[39m  [31m[1m^[22m[39m
 [90m 3 |[39m [33m@[39m[36mimport[39m [32m"shadcn/tailwind.css"[39m[33m;[39m
 [90m 4 |[39m
 [90m 5 |[39m [33m@[39mcustom[33m-[39mvariant dark ([33m&[39m[33m:[39mis([33m.[39mdark 
[33m*[39m))[33m;[39m[0m



Import trace:
  Client Component Browser:
    ./src/app/globals.css [Client Component Browser]
    ./src/app/layout.tsx [Server Component]

https://nextjs.org/docs/messages/module-not-found


    at <unknown> (./src/app/layout.tsx:7:1)
    at <unknown> (https://nextjs.org/docs/messages/module-not-found)
    at <unknown> (./src/app/chat/page.tsx:10:1)
    at <unknown> (https://nextjs.org/docs/messages/module-not-found)
    at <unknown> (./src/app/layout.tsx:9:1)
    at <unknown> (https://nextjs.org/docs/messages/module-not-found)
    at <unknown> (./src/app/chat/page.tsx:11:1)
    at <unknown> (https://nextjs.org/docs/messages/module-not-found)
    at <unknown> (./src/app/chat/page.tsx:7:1)
    at <unknown> (https://nextjs.org/docs/messages/module-not-found)
    at <unknown> (./src/app/layout.tsx:10:1)
    at <unknown> (https://nextjs.org/docs/messages/module-not-found)
    at <unknown> (./src/app/chat/page.tsx:9:1)
    at <unknown> (https://nextjs.org/docs/messages/module-not-found)
    at <unknown> (./src/app/layout.tsx:8:1)
    at <unknown> (https://nextjs.org/docs/messages/module-not-found)
    at <unknown> (./src/app/models/page.tsx:6:1)
    at <unknown> (https://nextjs.org/docs/messages/module-not-found)
    at <unknown> (./src/app/settings/page.tsx:7:1)
    at <unknown> (https://nextjs.org/docs/messages/module-not-found)
    at <unknown> (./src/app/models/page.tsx:5:1)
    at <unknown> (https://nextjs.org/docs/messages/module-not-found)
    at <unknown> (./src/app/chat/page.tsx:6:1)
    at <unknown> (https://nextjs.org/docs/messages/module-not-found)
    at <unknown> (./src/app/settings/page.tsx:6:1)
    at <unknown> (https://nextjs.org/docs/messages/module-not-found)
    at <unknown> (./src/app/chat/page.tsx:21:1)
    at <unknown> (https://nextjs.org/docs/messages/module-not-found)
    at <unknown> (./src/app/chat/page.tsx:13:1)
    at <unknown> (https://nextjs.org/docs/messages/module-not-found)
    at <unknown> (./src/app/layout.tsx:6:1)
    at <unknown> (https://nextjs.org/docs/messages/module-not-found)
    at <unknown> (./src/app/settings/page.tsx:5:1)
    at <unknown> (https://nextjs.org/docs/messages/module-not-found)
    at <unknown> (./src/app/layout.tsx:5:1)
    at <unknown> (https://nextjs.org/docs/messages/module-not-found)
    at <unknown> (./src/app/chat/page.tsx:4:1)
    at <unknown> (https://nextjs.org/docs/messages/module-not-found)
    at <unknown> (./src/app/models/page.tsx:4:1)
    at <unknown> (https://nextjs.org/docs/messages/module-not-found)
    at <unknown> (./src/app/settings/page.tsx:4:1)
    at <unknown> (https://nextjs.org/docs/messages/module-not-found)
    at <unknown> (./src/app/chat/page.tsx:5:1)
    at <unknown> (https://nextjs.org/docs/messages/module-not-found)
    at <unknown> (./src/app/models/page.tsx:7:1)
    at <unknown> (https://nextjs.org/docs/messages/module-not-found)
    at <unknown> (./src/app/settings/page.tsx:8:1)
    at <unknown> (https://nextjs.org/docs/messages/module-not-found)
    at <unknown> (./src/app/globals.css:3:2)
    at <unknown> (https://nextjs.org/docs/messages/module-not-found)
    at <unknown> (./src/app/globals.css:2:2)
    at <unknown> (https://nextjs.org/docs/messages/module-not-found)
